                                                parent("Cody", "Melissa") parent("Lisa", "Melissa")  
                                                ------------------------------------------------(R1) 
parent("John", "Cody") parent("Thomas", "Lisa")               same_gen("Cody", "Lisa")               
-------------------------------------------------------------------------------------------------(R2)
                                     same_gen("John", "Thomas")                                      
