Float(1.100000) 
------------(R1)
    FtoI(1)     
                                 VUnsigned(1) VUnsigned(2) 2 = 2  subproof edgeUnsigned(0)   
                                 ----------------------------(R1) ---------------------(R1)  
VUnsigned(0) VUnsigned(1) 1 = 1         edgeUnsigned(1, 2)           pathUnsigned(2, 3)      
----------------------------(R1) -------------------------------------------------------(R2) 
       edgeUnsigned(0, 1)                            pathUnsigned(1, 3)                      
-----------------------------------------------------------------------------------------(R2)
                                     pathUnsigned(0, 3)                                      
edgeUnsigned(0, 2) x pathUnsigned(2, 5) x 
--------------------------------------(R2)
            pathUnsigned(0,5)             
