x = -0.5
x = 0
x = 1
x = 1.5
x = 3.5.
x = 0
x = 1
x = 2
x = 15
x = 17.
