<s:first_name,s:last_name,s:gender,i:number,f:float>

Kelvin	=> 0
Fong	=> 1
M	=> 2
Tom	=> 3
Chan	=> 4
Jack	=> 5
Armstrong	=> 6
Marry	=> 7
Hunter	=> 8
F	=> 9
