Rule(0) !neg(123) Patient(123, 1) Patient(123, 2) 1 != 2 
-----------------------------------------------------(R1)
                  Violation(123, 1, 2)                   
Rule(0) ✓ !neg() ✓ Patient(123, 1) ✓ Patient(123, 1) ✓ 1 != 1 x 
--------------------------------------------------------------------(R1)
                           Violation(123,1,1)                           
