x = b, y = d
x = b, y = e
x = c, y = f
x = c, y = g.
