---------------
O
===============
nil, nil, nil
nil, [2, Aapple], [2, Aapple]
nil, [2, Bapple], [2, Bapple]
nil, [2, Capple], [2, Capple]
[1, Ameow], [0, AmeowMeow], nil
[-3, Ablue], nil, [1, Ameow]
[1, Bmeow], [0, BmeowMeow], nil
[-3, Bblue], nil, [1, Bmeow]
[1, Cmeow], [0, CmeowMeow], nil
[-3, Cblue], nil, [1, Cmeow]
===============
