                Rule(6) subproof R1(0) subproof R0(1)  Rule(3) addr("v6", "v7")   
                ----------------------------------(R2) ---------------------(R2)  
        Rule(7)             R0("v6", "v1")                  R1("v7", "v6")        
        ---------------------------------------------------------------------(R3) 
Rule(2)                              R0("v1", "v7")                               
------------------------------------------------------------------------------(R1)
                                  pt("v7", "v1")                                  
