---------------
B
===============
nil	nil	nil
nil	[2, 4, apple]	[2, 4, apple]
[1, 2, meow]	[0, 2, meowMeow]	nil
[1, -3, blue]	nil	[1, 2, meow]
===============
