---------------
B
===============
a
c
2.000000
===============
---------------
B2
===============
a
===============
