[[null],
[[1, null]],
[[2, [3, null]]]]
[[1, [1, [2, [3, null]]]],
[4, null]]
[{"a": 1, "b": {"x": "a", "y": {"x": "b", "y": null}}}]
